debug 2026/04/14 01:49:43 handle sidebar msg: %v a
debug 2026/04/14 01:49:43 handle sidebar msg: %v backspace
debug 2026/04/14 01:49:43 handle sidebar msg: %v t
debug 2026/04/14 01:49:43 handle sidebar msg: %v e
debug 2026/04/14 01:49:44 handle sidebar msg: %v s
debug 2026/04/14 01:49:44 handle sidebar msg: %v t
debug 2026/04/14 01:49:44 handle sidebar msg: %v i
debug 2026/04/14 01:49:44 handle sidebar msg: %v n
debug 2026/04/14 01:49:44 handle sidebar msg: %v g
debug 2026/04/14 01:49:48 handle sidebar msg: %v a
debug 2026/04/14 01:49:48 handle sidebar msg: %v s
debug 2026/04/14 01:49:48 handle sidebar msg: %v d
debug 2026/04/14 01:49:48 handle sidebar msg: %v a
debug 2026/04/14 01:49:48 handle sidebar msg: %v s
debug 2026/04/14 01:49:50 handle sidebar msg: %v a
debug 2026/04/14 01:49:50 handle sidebar msg: %v s
debug 2026/04/14 01:49:51 handle sidebar msg: %v d
debug 2026/04/14 01:49:51 handle sidebar msg: %v a
debug 2026/04/14 01:49:51 handle sidebar msg: %v s
debug 2026/04/14 01:49:51 handle sidebar msg: %v d
debug 2026/04/14 01:49:54 handle sidebar msg: %v a
debug 2026/04/14 01:49:54 handle sidebar msg: %v s
debug 2026/04/14 01:49:54 handle sidebar msg: %v d
debug 2026/04/14 01:49:54 handle sidebar msg: %v a
debug 2026/04/14 01:49:55 handle sidebar msg: %v backspace
debug 2026/04/14 01:49:55 handle sidebar msg: %v backspace
debug 2026/04/14 01:49:55 handle sidebar msg: %v backspace
debug 2026/04/14 01:49:55 handle sidebar msg: %v backspace
debug 2026/04/14 01:49:55 handle sidebar msg: %v backspace
debug 2026/04/14 01:49:55 handle sidebar msg: %v backspace
debug 2026/04/14 01:49:55 handle sidebar msg: %v backspace
debug 2026/04/14 01:49:55 handle sidebar msg: %v backspace
debug 2026/04/14 01:49:55 handle sidebar msg: %v backspace
debug 2026/04/14 01:49:55 handle sidebar msg: %v backspace
debug 2026/04/14 01:49:55 handle sidebar msg: %v backspace
debug 2026/04/14 01:49:55 handle sidebar msg: %v backspace
debug 2026/04/14 01:49:55 handle sidebar msg: %v backspace
debug 2026/04/14 01:49:55 handle sidebar msg: %v backspace
debug 2026/04/14 01:49:55 handle sidebar msg: %v backspace
debug 2026/04/14 01:49:55 handle sidebar msg: %v backspace
debug 2026/04/14 01:49:55 handle sidebar msg: %v backspace
debug 2026/04/14 01:49:56 handle sidebar msg: %v backspace
debug 2026/04/14 01:49:56 handle sidebar msg: %v backspace
debug 2026/04/14 01:49:56 handle sidebar msg: %v backspace
debug 2026/04/14 01:49:56 handle sidebar msg: %v backspace
debug 2026/04/14 01:49:56 handle sidebar msg: %v backspace
debug 2026/04/14 01:49:56 handle sidebar msg: %v backspace
debug 2026/04/14 01:49:56 handle sidebar msg: %v backspace
debug 2026/04/14 01:49:58 handle sidebar msg: %v a
debug 2026/04/14 01:49:59 handle sidebar msg: %v s
debug 2026/04/14 01:49:59 handle sidebar msg: %v d
debug 2026/04/14 01:49:59 handle sidebar msg: %v a
debug 2026/04/14 01:49:59 handle sidebar msg: %v s
debug 2026/04/14 01:49:59 handle sidebar msg: %v d
debug 2026/04/14 01:49:59 handle sidebar msg: %v a
debug 2026/04/14 01:49:59 handle sidebar msg: %v s
debug 2026/04/14 01:49:59 handle sidebar msg: %v d
debug 2026/04/14 01:50:02 handle sidebar msg: %v backspace
debug 2026/04/14 01:50:02 handle sidebar msg: %v backspace
debug 2026/04/14 01:50:02 handle sidebar msg: %v backspace
debug 2026/04/14 01:50:02 handle sidebar msg: %v backspace
debug 2026/04/14 01:50:02 handle sidebar msg: %v backspace
debug 2026/04/14 01:50:02 handle sidebar msg: %v backspace
debug 2026/04/14 01:50:03 handle sidebar msg: %v backspace
debug 2026/04/14 01:50:03 handle sidebar msg: %v backspace
debug 2026/04/14 01:50:08 handle sidebar msg: %v backspace
debug 2026/04/14 01:53:09 handle sidebar msg: %v j
debug 2026/04/14 01:53:10 handle sidebar msg: %v j
debug 2026/04/14 01:53:10 handle sidebar msg: %v k
debug 2026/04/14 01:53:10 handle sidebar msg: %v backspace
debug 2026/04/14 01:53:10 handle sidebar msg: %v backspace
debug 2026/04/14 01:53:11 handle sidebar msg: %v backspace
debug 2026/04/14 01:53:13 handle sidebar msg: %v f
debug 2026/04/14 01:53:13 handle sidebar msg: %v u
debug 2026/04/14 01:53:13 handle sidebar msg: %v c
debug 2026/04/14 01:53:13 handle sidebar msg: %v k
debug 2026/04/14 01:53:13 handle sidebar msg: %v space
debug 2026/04/14 01:53:13 handle sidebar msg: %v y
debug 2026/04/14 01:53:14 handle sidebar msg: %v o
debug 2026/04/14 01:53:14 handle sidebar msg: %v i
debug 2026/04/14 01:53:14 handle sidebar msg: %v u
debug 2026/04/14 01:53:14 handle sidebar msg: %v backspace
debug 2026/04/14 01:53:14 handle sidebar msg: %v backspace
debug 2026/04/14 01:53:15 handle sidebar msg: %v u
debug 2026/04/14 01:53:15 handle sidebar msg: %v enter
debug 2026/04/14 01:53:16 handle sidebar msg: %v esc
debug 2026/04/14 01:53:17 handle sidebar msg: %v super+h
